Collecting fastapi==0.104.1 (from -r requirements-dummy.txt (line 5))
  Using cached fastapi-0.104.1-py3-none-any.whl.metadata (24 kB)
Requirement already satisfied: uvicorn==0.24.0 in /usr/local/python/3.12.1/lib/python3.12/site-packages (from -r requirements-dummy.txt (line 6)) (0.24.0)
Requirement already satisfied: python-dotenv==1.0.0 in /usr/local/python/3.12.1/lib/python3.12/site-packages (from -r requirements-dummy.txt (line 7)) (1.0.0)
Collecting pydantic==2.4.2 (from -r requirements-dummy.txt (line 8))
  Using cached pydantic-2.4.2-py3-none-any.whl.metadata (158 kB)
Collecting numpy==1.26.1 (from -r requirements-dummy.txt (line 11))
  Using cached numpy-1.26.1-cp312-cp312-manylinux_2_17_x86_64.manylinux2014_x86_64.whl.metadata (61 kB)
Collecting pandas==2.1.2 (from -r requirements-dummy.txt (line 12))
  Using cached pandas-2.1.2-cp312-cp312-manylinux_2_17_x86_64.manylinux2014_x86_64.whl.metadata (18 kB)
Collecting pillow==10.1.0 (from -r requirements-dummy.txt (line 13))
  Using cached Pillow-10.1.0-cp312-cp312-manylinux_2_28_x86_64.whl.metadata (9.5 kB)
Collecting sqlalchemy==2.0.23 (from -r requirements-dummy.txt (line 16))
  Using cached SQLAlchemy-2.0.23-cp312-cp312-manylinux_2_17_x86_64.manylinux2014_x86_64.whl.metadata (9.6 kB)
Collecting httpx==0.25.0 (from -r requirements-dummy.txt (line 20))
  Using cached httpx-0.25.0-py3-none-any.whl.metadata (7.6 kB)
Collecting aiohttp==3.9.0 (from -r requirements-dummy.txt (line 21))
  Using cached aiohttp-3.9.0-cp312-cp312-manylinux_2_17_x86_64.manylinux2014_x86_64.whl.metadata (7.4 kB)
Requirement already satisfied: requests==2.31.0 in /usr/local/python/3.12.1/lib/python3.12/site-packages (from -r requirements-dummy.txt (line 22)) (2.31.0)
Collecting python-multipart==0.0.6 (from -r requirements-dummy.txt (line 25))
  Using cached python_multipart-0.0.6-py3-none-any.whl.metadata (2.5 kB)
Collecting aiofiles==23.2.0 (from -r requirements-dummy.txt (line 26))
  Using cached aiofiles-23.2.0-py3-none-any.whl.metadata (9.5 kB)
Collecting python-dateutil==2.8.2 (from -r requirements-dummy.txt (line 27))
  Using cached python_dateutil-2.8.2-py2.py3-none-any.whl.metadata (8.2 kB)
Collecting pyyaml==6.0.1 (from -r requirements-dummy.txt (line 28))
  Using cached PyYAML-6.0.1-cp312-cp312-manylinux_2_17_x86_64.manylinux2014_x86_64.whl.metadata (2.1 kB)
Collecting python-json-logger==2.0.7 (from -r requirements-dummy.txt (line 31))
  Using cached python_json_logger-2.0.7-py3-none-any.whl.metadata (6.5 kB)
Collecting loguru==0.7.2 (from -r requirements-dummy.txt (line 32))
  Using cached loguru-0.7.2-py3-none-any.whl.metadata (23 kB)
Collecting pytest==7.4.3 (from -r requirements-dummy.txt (line 35))
  Using cached pytest-7.4.3-py3-none-any.whl.metadata (7.9 kB)
Collecting pytest-asyncio==0.21.1 (from -r requirements-dummy.txt (line 36))
  Using cached pytest_asyncio-0.21.1-py3-none-any.whl.metadata (4.0 kB)
Collecting pytest-cov==4.1.0 (from -r requirements-dummy.txt (line 37))
  Using cached pytest_cov-4.1.0-py3-none-any.whl.metadata (26 kB)
Collecting pytest-mock==3.12.0 (from -r requirements-dummy.txt (line 38))
  Using cached pytest_mock-3.12.0-py3-none-any.whl.metadata (3.8 kB)
Collecting responses==0.24.1 (from -r requirements-dummy.txt (line 41))
  Using cached responses-0.24.1-py3-none-any.whl.metadata (46 kB)
Collecting httpretty==1.1.4 (from -r requirements-dummy.txt (line 42))
  Using cached httpretty-1.1.4-py3-none-any.whl
Collecting faker==20.1.0 (from -r requirements-dummy.txt (line 43))
  Using cached Faker-20.1.0-py3-none-any.whl.metadata (15 kB)
Collecting ipython==8.16.1 (from -r requirements-dummy.txt (line 46))
  Using cached ipython-8.16.1-py3-none-any.whl.metadata (5.9 kB)
Collecting orjson==3.9.10 (from -r requirements-dummy.txt (line 50))
  Using cached orjson-3.9.10-cp312-cp312-manylinux_2_17_x86_64.manylinux2014_x86_64.whl.metadata (49 kB)
Collecting msgpack==1.0.7 (from -r requirements-dummy.txt (line 51))
  Using cached msgpack-1.0.7-cp312-cp312-manylinux_2_17_x86_64.manylinux2014_x86_64.whl.metadata (9.1 kB)
Requirement already satisfied: anyio<4.0.0,>=3.7.1 in /usr/local/python/3.12.1/lib/python3.12/site-packages (from fastapi==0.104.1->-r requirements-dummy.txt (line 5)) (3.7.1)
Collecting starlette<0.28.0,>=0.27.0 (from fastapi==0.104.1->-r requirements-dummy.txt (line 5))
  Using cached starlette-0.27.0-py3-none-any.whl.metadata (5.8 kB)
Requirement already satisfied: typing-extensions>=4.8.0 in /usr/local/python/3.12.1/lib/python3.12/site-packages (from fastapi==0.104.1->-r requirements-dummy.txt (line 5)) (4.15.0)
Requirement already satisfied: annotated-types>=0.4.0 in /usr/local/python/3.12.1/lib/python3.12/site-packages (from pydantic==2.4.2->-r requirements-dummy.txt (line 8)) (0.7.0)
Collecting pydantic-core==2.10.1 (from pydantic==2.4.2->-r requirements-dummy.txt (line 8))
  Using cached pydantic_core-2.10.1-cp312-cp312-manylinux_2_17_x86_64.manylinux2014_x86_64.whl.metadata (6.5 kB)
Requirement already satisfied: click>=7.0 in /usr/local/python/3.12.1/lib/python3.12/site-packages (from uvicorn==0.24.0->-r requirements-dummy.txt (line 6)) (8.3.0)
Requirement already satisfied: h11>=0.8 in /home/codespace/.local/lib/python3.12/site-packages (from uvicorn==0.24.0->-r requirements-dummy.txt (line 6)) (0.16.0)
Requirement already satisfied: pytz>=2020.1 in /home/codespace/.local/lib/python3.12/site-packages (from pandas==2.1.2->-r requirements-dummy.txt (line 12)) (2025.2)
Requirement already satisfied: tzdata>=2022.1 in /home/codespace/.local/lib/python3.12/site-packages (from pandas==2.1.2->-r requirements-dummy.txt (line 12)) (2025.2)
Requirement already satisfied: greenlet!=0.4.17 in /usr/local/python/3.12.1/lib/python3.12/site-packages (from sqlalchemy==2.0.23->-r requirements-dummy.txt (line 16)) (3.2.4)
Requirement already satisfied: certifi in /usr/local/python/3.12.1/lib/python3.12/site-packages (from httpx==0.25.0->-r requirements-dummy.txt (line 20)) (2025.10.5)
Collecting httpcore<0.19.0,>=0.18.0 (from httpx==0.25.0->-r requirements-dummy.txt (line 20))
  Using cached httpcore-0.18.0-py3-none-any.whl.metadata (18 kB)
Requirement already satisfied: idna in /home/codespace/.local/lib/python3.12/site-packages (from httpx==0.25.0->-r requirements-dummy.txt (line 20)) (3.10)
Requirement already satisfied: sniffio in /home/codespace/.local/lib/python3.12/site-packages (from httpx==0.25.0->-r requirements-dummy.txt (line 20)) (1.3.1)
Requirement already satisfied: attrs>=17.3.0 in /home/codespace/.local/lib/python3.12/site-packages (from aiohttp==3.9.0->-r requirements-dummy.txt (line 21)) (25.3.0)
Requirement already satisfied: multidict<7.0,>=4.5 in /usr/local/python/3.12.1/lib/python3.12/site-packages (from aiohttp==3.9.0->-r requirements-dummy.txt (line 21)) (6.7.0)
Requirement already satisfied: yarl<2.0,>=1.0 in /usr/local/python/3.12.1/lib/python3.12/site-packages (from aiohttp==3.9.0->-r requirements-dummy.txt (line 21)) (1.22.0)
Requirement already satisfied: frozenlist>=1.1.1 in /usr/local/python/3.12.1/lib/python3.12/site-packages (from aiohttp==3.9.0->-r requirements-dummy.txt (line 21)) (1.8.0)
Requirement already satisfied: aiosignal>=1.1.2 in /usr/local/python/3.12.1/lib/python3.12/site-packages (from aiohttp==3.9.0->-r requirements-dummy.txt (line 21)) (1.4.0)
Requirement already satisfied: charset-normalizer<4,>=2 in /home/codespace/.local/lib/python3.12/site-packages (from requests==2.31.0->-r requirements-dummy.txt (line 22)) (3.4.2)
Requirement already satisfied: urllib3<3,>=1.21.1 in /home/codespace/.local/lib/python3.12/site-packages (from requests==2.31.0->-r requirements-dummy.txt (line 22)) (2.5.0)
Requirement already satisfied: six>=1.5 in /home/codespace/.local/lib/python3.12/site-packages (from python-dateutil==2.8.2->-r requirements-dummy.txt (line 27)) (1.17.0)
Requirement already satisfied: iniconfig in /usr/local/python/3.12.1/lib/python3.12/site-packages (from pytest==7.4.3->-r requirements-dummy.txt (line 35)) (2.3.0)
Requirement already satisfied: packaging in /usr/local/python/3.12.1/lib/python3.12/site-packages (from pytest==7.4.3->-r requirements-dummy.txt (line 35)) (23.2)
Requirement already satisfied: pluggy<2.0,>=0.12 in /usr/local/python/3.12.1/lib/python3.12/site-packages (from pytest==7.4.3->-r requirements-dummy.txt (line 35)) (1.6.0)
Collecting coverage>=5.2.1 (from coverage[toml]>=5.2.1->pytest-cov==4.1.0->-r requirements-dummy.txt (line 37))
  Using cached coverage-7.11.0-cp312-cp312-manylinux1_x86_64.manylinux_2_28_x86_64.manylinux_2_5_x86_64.whl.metadata (9.0 kB)
Collecting backcall (from ipython==8.16.1->-r requirements-dummy.txt (line 46))
  Using cached backcall-0.2.0-py2.py3-none-any.whl.metadata (2.0 kB)
Requirement already satisfied: decorator in /usr/local/python/3.12.1/lib/python3.12/site-packages (from ipython==8.16.1->-r requirements-dummy.txt (line 46)) (4.4.2)
Requirement already satisfied: jedi>=0.16 in /home/codespace/.local/lib/python3.12/site-packages (from ipython==8.16.1->-r requirements-dummy.txt (line 46)) (0.19.2)
Requirement already satisfied: matplotlib-inline in /home/codespace/.local/lib/python3.12/site-packages (from ipython==8.16.1->-r requirements-dummy.txt (line 46)) (0.1.7)
Collecting pickleshare (from ipython==8.16.1->-r requirements-dummy.txt (line 46))
  Using cached pickleshare-0.7.5-py2.py3-none-any.whl.metadata (1.5 kB)
Requirement already satisfied: prompt-toolkit!=3.0.37,<3.1.0,>=3.0.30 in /home/codespace/.local/lib/python3.12/site-packages (from ipython==8.16.1->-r requirements-dummy.txt (line 46)) (3.0.51)
Requirement already satisfied: pygments>=2.4.0 in /home/codespace/.local/lib/python3.12/site-packages (from ipython==8.16.1->-r requirements-dummy.txt (line 46)) (2.19.2)
Requirement already satisfied: stack-data in /home/codespace/.local/lib/python3.12/site-packages (from ipython==8.16.1->-r requirements-dummy.txt (line 46)) (0.6.3)
Requirement already satisfied: traitlets>=5 in /home/codespace/.local/lib/python3.12/site-packages (from ipython==8.16.1->-r requirements-dummy.txt (line 46)) (5.14.3)
Requirement already satisfied: pexpect>4.3 in /home/codespace/.local/lib/python3.12/site-packages (from ipython==8.16.1->-r requirements-dummy.txt (line 46)) (4.9.0)
Collecting h11>=0.8 (from uvicorn==0.24.0->-r requirements-dummy.txt (line 6))
  Using cached h11-0.14.0-py3-none-any.whl.metadata (8.2 kB)
Requirement already satisfied: wcwidth in /home/codespace/.local/lib/python3.12/site-packages (from prompt-toolkit!=3.0.37,<3.1.0,>=3.0.30->ipython==8.16.1->-r requirements-dummy.txt (line 46)) (0.2.13)
Requirement already satisfied: propcache>=0.2.1 in /usr/local/python/3.12.1/lib/python3.12/site-packages (from yarl<2.0,>=1.0->aiohttp==3.9.0->-r requirements-dummy.txt (line 21)) (0.4.1)
Requirement already satisfied: parso<0.9.0,>=0.8.4 in /home/codespace/.local/lib/python3.12/site-packages (from jedi>=0.16->ipython==8.16.1->-r requirements-dummy.txt (line 46)) (0.8.4)
Requirement already satisfied: ptyprocess>=0.5 in /home/codespace/.local/lib/python3.12/site-packages (from pexpect>4.3->ipython==8.16.1->-r requirements-dummy.txt (line 46)) (0.7.0)
Requirement already satisfied: executing>=1.2.0 in /home/codespace/.local/lib/python3.12/site-packages (from stack-data->ipython==8.16.1->-r requirements-dummy.txt (line 46)) (2.2.0)
Requirement already satisfied: asttokens>=2.1.0 in /home/codespace/.local/lib/python3.12/site-packages (from stack-data->ipython==8.16.1->-r requirements-dummy.txt (line 46)) (3.0.0)
Requirement already satisfied: pure-eval in /home/codespace/.local/lib/python3.12/site-packages (from stack-data->ipython==8.16.1->-r requirements-dummy.txt (line 46)) (0.2.3)
WARNING: The candidate selected for download or install is a yanked version: 'aiofiles' candidate (version 23.2.0 at https://files.pythonhosted.org/packages/62/79/c19ab884013e5d49a70fa271331c510be2261530cbd1045b35273098ba9b/aiofiles-23.2.0-py3-none-any.whl (from https://pypi.org/simple/aiofiles/) (requires-python:>=3.7))
Reason for being yanked: Windows import issue
Using cached fastapi-0.104.1-py3-none-any.whl (92 kB)
Using cached pydantic-2.4.2-py3-none-any.whl (395 kB)
Using cached numpy-1.26.1-cp312-cp312-manylinux_2_17_x86_64.manylinux2014_x86_64.whl (17.9 MB)
Using cached pandas-2.1.2-cp312-cp312-manylinux_2_17_x86_64.manylinux2014_x86_64.whl (11.7 MB)
Using cached Pillow-10.1.0-cp312-cp312-manylinux_2_28_x86_64.whl (3.6 MB)
Using cached SQLAlchemy-2.0.23-cp312-cp312-manylinux_2_17_x86_64.manylinux2014_x86_64.whl (3.2 MB)
Using cached httpx-0.25.0-py3-none-any.whl (75 kB)
Using cached aiohttp-3.9.0-cp312-cp312-manylinux_2_17_x86_64.manylinux2014_x86_64.whl (1.3 MB)
Using cached python_multipart-0.0.6-py3-none-any.whl (45 kB)
Using cached aiofiles-23.2.0-py3-none-any.whl (15 kB)
Using cached python_dateutil-2.8.2-py2.py3-none-any.whl (247 kB)
Using cached PyYAML-6.0.1-cp312-cp312-manylinux_2_17_x86_64.manylinux2014_x86_64.whl (724 kB)
Using cached python_json_logger-2.0.7-py3-none-any.whl (8.1 kB)
Using cached loguru-0.7.2-py3-none-any.whl (62 kB)
Using cached pytest-7.4.3-py3-none-any.whl (325 kB)
Using cached pytest_asyncio-0.21.1-py3-none-any.whl (13 kB)
Using cached pytest_cov-4.1.0-py3-none-any.whl (21 kB)
Using cached pytest_mock-3.12.0-py3-none-any.whl (9.8 kB)
Using cached responses-0.24.1-py3-none-any.whl (55 kB)
Using cached Faker-20.1.0-py3-none-any.whl (1.7 MB)
Using cached ipython-8.16.1-py3-none-any.whl (806 kB)
Using cached orjson-3.9.10-cp312-cp312-manylinux_2_17_x86_64.manylinux2014_x86_64.whl (138 kB)
Using cached msgpack-1.0.7-cp312-cp312-manylinux_2_17_x86_64.manylinux2014_x86_64.whl (559 kB)
Using cached pydantic_core-2.10.1-cp312-cp312-manylinux_2_17_x86_64.manylinux2014_x86_64.whl (2.0 MB)
Using cached httpcore-0.18.0-py3-none-any.whl (76 kB)
Using cached h11-0.14.0-py3-none-any.whl (58 kB)
Using cached starlette-0.27.0-py3-none-any.whl (66 kB)
Using cached coverage-7.11.0-cp312-cp312-manylinux1_x86_64.manylinux_2_28_x86_64.manylinux_2_5_x86_64.whl (250 kB)
Using cached backcall-0.2.0-py2.py3-none-any.whl (11 kB)
Using cached pickleshare-0.7.5-py2.py3-none-any.whl (6.9 kB)
Installing collected packages: pickleshare, backcall, sqlalchemy, pyyaml, python-multipart, python-json-logger, python-dateutil, pytest, pydantic-core, pillow, orjson, numpy, msgpack, loguru, httpretty, h11, coverage, aiofiles, starlette, responses, pytest-mock, pytest-asyncio, pydantic, pandas, ipython, httpcore, faker, aiohttp, pytest-cov, httpx, fastapi
  Attempting uninstall: sqlalchemy
    Found existing installation: SQLAlchemy 2.0.44
    Uninstalling SQLAlchemy-2.0.44:
      Successfully uninstalled SQLAlchemy-2.0.44
  Attempting uninstall: pyyaml
    Found existing installation: PyYAML 6.0.2
    Uninstalling PyYAML-6.0.2:
      Successfully uninstalled PyYAML-6.0.2
  Attempting uninstall: python-multipart
    Found existing installation: python-multipart 0.0.20
    Uninstalling python-multipart-0.0.20:
      Successfully uninstalled python-multipart-0.0.20
  Attempting uninstall: python-json-logger
    Found existing installation: python-json-logger 3.3.0
    Uninstalling python-json-logger-3.3.0:
      Successfully uninstalled python-json-logger-3.3.0
  Attempting uninstall: python-dateutil
    Found existing installation: python-dateutil 2.9.0.post0
    Uninstalling python-dateutil-2.9.0.post0:
      Successfully uninstalled python-dateutil-2.9.0.post0
  Attempting uninstall: pytest
    Found existing installation: pytest 8.4.2
    Uninstalling pytest-8.4.2:
      Successfully uninstalled pytest-8.4.2
  Attempting uninstall: pydantic-core
    Found existing installation: pydantic_core 2.14.1
    Uninstalling pydantic_core-2.14.1:
      Successfully uninstalled pydantic_core-2.14.1
  Attempting uninstall: pillow
    Found existing installation: pillow 11.3.0
    Uninstalling pillow-11.3.0:
      Successfully uninstalled pillow-11.3.0
  Attempting uninstall: orjson
    Found existing installation: orjson 3.11.4
    Uninstalling orjson-3.11.4:
      Successfully uninstalled orjson-3.11.4
  Attempting uninstall: numpy
    Found existing installation: numpy 2.3.4
    Uninstalling numpy-2.3.4:
      Successfully uninstalled numpy-2.3.4
  Attempting uninstall: msgpack
    Found existing installation: msgpack 1.1.2
    Uninstalling msgpack-1.1.2:
      Successfully uninstalled msgpack-1.1.2
  Attempting uninstall: h11
    Found existing installation: h11 0.16.0
    Uninstalling h11-0.16.0:
      Successfully uninstalled h11-0.16.0
  Attempting uninstall: aiofiles
    Found existing installation: aiofiles 24.1.0
    Uninstalling aiofiles-24.1.0:
      Successfully uninstalled aiofiles-24.1.0
  Attempting uninstall: starlette
    Found existing installation: starlette 0.49.3
    Uninstalling starlette-0.49.3:
      Successfully uninstalled starlette-0.49.3
  Attempting uninstall: pytest-mock
    Found existing installation: pytest-mock 3.15.1
    Uninstalling pytest-mock-3.15.1:
      Successfully uninstalled pytest-mock-3.15.1
  Attempting uninstall: pytest-asyncio
    Found existing installation: pytest-asyncio 1.2.0
    Uninstalling pytest-asyncio-1.2.0:
      Successfully uninstalled pytest-asyncio-1.2.0
  Attempting uninstall: pydantic
    Found existing installation: pydantic 2.5.0
    Uninstalling pydantic-2.5.0:
      Successfully uninstalled pydantic-2.5.0
  Attempting uninstall: pandas
    Found existing installation: pandas 2.3.3
    Uninstalling pandas-2.3.3:
      Successfully uninstalled pandas-2.3.3
  Attempting uninstall: ipython
    Found existing installation: ipython 9.4.0
    Uninstalling ipython-9.4.0:
      Successfully uninstalled ipython-9.4.0
  Attempting uninstall: httpcore
    Found existing installation: httpcore 1.0.9
    Uninstalling httpcore-1.0.9:
      Successfully uninstalled httpcore-1.0.9
  Attempting uninstall: aiohttp
    Found existing installation: aiohttp 3.13.2
    Uninstalling aiohttp-3.13.2:
      Successfully uninstalled aiohttp-3.13.2
  Attempting uninstall: httpx
    Found existing installation: httpx 0.28.1
    Uninstalling httpx-0.28.1:
      Successfully uninstalled httpx-0.28.1
  Attempting uninstall: fastapi
    Found existing installation: fastapi 0.120.4
    Uninstalling fastapi-0.120.4:
      Successfully uninstalled fastapi-0.120.4

ERROR: pip's dependency resolver does not currently take into account all the packages that are installed. This behaviour is the source of the following dependency conflicts.
gradio 5.49.1 requires fastapi<1.0,>=0.115.2, but you have fastapi 0.104.1 which is incompatible.
gradio 5.49.1 requires python-multipart>=0.0.18, but you have python-multipart 0.0.6 which is incompatible.
gradio 5.49.1 requires starlette<1.0,>=0.40.0, but you have starlette 0.27.0 which is incompatible.
python-telegram-bot 22.5 requires httpx<0.29,>=0.27, but you have httpx 0.25.0 which is incompatible.
opencv-python 4.12.0.88 requires numpy<2.3.0,>=2; python_version >= "3.9", but you have numpy 1.26.1 which is incompatible.
instagrapi 2.2.1 requires pydantic==2.11.7, but you have pydantic 2.4.2 which is incompatible.
instagrapi 2.2.1 requires requests==2.32.4, but you have requests 2.31.0 which is incompatible.
Successfully installed aiofiles-23.2.0 aiohttp-3.9.0 backcall-0.2.0 coverage-7.11.0 faker-20.1.0 fastapi-0.104.1 h11-0.16.0 httpcore-0.18.0 httpretty-1.1.4 httpx-0.25.0 ipython-8.16.1 loguru-0.7.2 msgpack-1.0.7 numpy-1.26.1 orjson-3.9.10 pandas-2.1.2 pickleshare-0.7.5 pillow-10.1.0 pydantic-2.4.2 pydantic-core-2.10.1 pytest-7.4.3 pytest-asyncio-0.21.1 pytest-cov-4.1.0 pytest-mock-3.12.0 python-dateutil-2.8.2 python-json-logger-2.0.7 python-multipart-0.0.20 pyyaml-6.0.1 responses-0.24.1 sqlalchemy-2.0.23 starlette-0.49.3

[notice] A new release of pip is available: 25.1.1 -> 25.3
[notice] To update, run: python3 -m pip install --upgrade pip
Requirement already satisfied: gradio>=4.0.0 in /usr/local/python/3.12.1/lib/python3.12/site-packages (5.49.1)
Requirement already satisfied: aiofiles<25.0,>=22.0 in /usr/local/python/3.12.1/lib/python3.12/site-packages (from gradio>=4.0.0) (23.2.0)
Requirement already satisfied: anyio<5.0,>=3.0 in /usr/local/python/3.12.1/lib/python3.12/site-packages (from gradio>=4.0.0) (3.7.1)
Requirement already satisfied: brotli>=1.1.0 in /usr/local/python/3.12.1/lib/python3.12/site-packages (from gradio>=4.0.0) (1.1.0)
Collecting fastapi<1.0,>=0.115.2 (from gradio>=4.0.0)
  Downloading fastapi-0.121.0-py3-none-any.whl.metadata (28 kB)
Requirement already satisfied: ffmpy in /usr/local/python/3.12.1/lib/python3.12/site-packages (from gradio>=4.0.0) (0.6.4)
Requirement already satisfied: gradio-client==1.13.3 in /usr/local/python/3.12.1/lib/python3.12/site-packages (from gradio>=4.0.0) (1.13.3)
Requirement already satisfied: groovy~=0.1 in /usr/local/python/3.12.1/lib/python3.12/site-packages (from gradio>=4.0.0) (0.1.2)
Requirement already satisfied: httpx<1.0,>=0.24.1 in /usr/local/python/3.12.1/lib/python3.12/site-packages (from gradio>=4.0.0) (0.25.0)
Requirement already satisfied: huggingface-hub<2.0,>=0.33.5 in /usr/local/python/3.12.1/lib/python3.12/site-packages (from gradio>=4.0.0) (0.36.0)
Requirement already satisfied: jinja2<4.0 in /home/codespace/.local/lib/python3.12/site-packages (from gradio>=4.0.0) (3.1.6)
Requirement already satisfied: markupsafe<4.0,>=2.0 in /home/codespace/.local/lib/python3.12/site-packages (from gradio>=4.0.0) (3.0.2)
Requirement already satisfied: numpy<3.0,>=1.0 in /usr/local/python/3.12.1/lib/python3.12/site-packages (from gradio>=4.0.0) (1.26.1)
Requirement already satisfied: orjson~=3.0 in /usr/local/python/3.12.1/lib/python3.12/site-packages (from gradio>=4.0.0) (3.9.10)
Requirement already satisfied: packaging in /usr/local/python/3.12.1/lib/python3.12/site-packages (from gradio>=4.0.0) (23.2)
Requirement already satisfied: pandas<3.0,>=1.0 in /usr/local/python/3.12.1/lib/python3.12/site-packages (from gradio>=4.0.0) (2.1.2)
Requirement already satisfied: pillow<12.0,>=8.0 in /usr/local/python/3.12.1/lib/python3.12/site-packages (from gradio>=4.0.0) (10.1.0)
Requirement already satisfied: pydantic<2.12,>=2.0 in /usr/local/python/3.12.1/lib/python3.12/site-packages (from gradio>=4.0.0) (2.4.2)
Requirement already satisfied: pydub in /usr/local/python/3.12.1/lib/python3.12/site-packages (from gradio>=4.0.0) (0.25.1)
Requirement already satisfied: python-multipart>=0.0.18 in /usr/local/python/3.12.1/lib/python3.12/site-packages (from gradio>=4.0.0) (0.0.20)
Requirement already satisfied: pyyaml<7.0,>=5.0 in /usr/local/python/3.12.1/lib/python3.12/site-packages (from gradio>=4.0.0) (6.0.1)
Requirement already satisfied: ruff>=0.9.3 in /usr/local/python/3.12.1/lib/python3.12/site-packages (from gradio>=4.0.0) (0.14.3)
Requirement already satisfied: safehttpx<0.2.0,>=0.1.6 in /usr/local/python/3.12.1/lib/python3.12/site-packages (from gradio>=4.0.0) (0.1.7)
Requirement already satisfied: semantic-version~=2.0 in /usr/local/python/3.12.1/lib/python3.12/site-packages (from gradio>=4.0.0) (2.10.0)
Requirement already satisfied: starlette<1.0,>=0.40.0 in /usr/local/python/3.12.1/lib/python3.12/site-packages (from gradio>=4.0.0) (0.49.3)
Requirement already satisfied: tomlkit<0.14.0,>=0.12.0 in /usr/local/python/3.12.1/lib/python3.12/site-packages (from gradio>=4.0.0) (0.13.3)
Requirement already satisfied: typer<1.0,>=0.12 in /usr/local/python/3.12.1/lib/python3.12/site-packages (from gradio>=4.0.0) (0.20.0)
Requirement already satisfied: typing-extensions~=4.0 in /usr/local/python/3.12.1/lib/python3.12/site-packages (from gradio>=4.0.0) (4.15.0)
Requirement already satisfied: uvicorn>=0.14.0 in /usr/local/python/3.12.1/lib/python3.12/site-packages (from gradio>=4.0.0) (0.24.0)
Requirement already satisfied: fsspec in /home/codespace/.local/lib/python3.12/site-packages (from gradio-client==1.13.3->gradio>=4.0.0) (2024.6.1)
Requirement already satisfied: websockets<16.0,>=13.0 in /usr/local/python/3.12.1/lib/python3.12/site-packages (from gradio-client==1.13.3->gradio>=4.0.0) (15.0.1)
Requirement already satisfied: idna>=2.8 in /home/codespace/.local/lib/python3.12/site-packages (from anyio<5.0,>=3.0->gradio>=4.0.0) (3.10)
Requirement already satisfied: sniffio>=1.1 in /home/codespace/.local/lib/python3.12/site-packages (from anyio<5.0,>=3.0->gradio>=4.0.0) (1.3.1)
Requirement already satisfied: annotated-doc>=0.0.2 in /usr/local/python/3.12.1/lib/python3.12/site-packages (from fastapi<1.0,>=0.115.2->gradio>=4.0.0) (0.0.3)
Requirement already satisfied: certifi in /usr/local/python/3.12.1/lib/python3.12/site-packages (from httpx<1.0,>=0.24.1->gradio>=4.0.0) (2025.10.5)
Requirement already satisfied: httpcore<0.19.0,>=0.18.0 in /usr/local/python/3.12.1/lib/python3.12/site-packages (from httpx<1.0,>=0.24.1->gradio>=4.0.0) (0.18.0)
Collecting h11<0.15,>=0.13 (from httpcore<0.19.0,>=0.18.0->httpx<1.0,>=0.24.1->gradio>=4.0.0)
  Using cached h11-0.14.0-py3-none-any.whl.metadata (8.2 kB)
Requirement already satisfied: filelock in /home/codespace/.local/lib/python3.12/site-packages (from huggingface-hub<2.0,>=0.33.5->gradio>=4.0.0) (3.13.1)
Requirement already satisfied: requests in /usr/local/python/3.12.1/lib/python3.12/site-packages (from huggingface-hub<2.0,>=0.33.5->gradio>=4.0.0) (2.31.0)
Requirement already satisfied: tqdm>=4.42.1 in /usr/local/python/3.12.1/lib/python3.12/site-packages (from huggingface-hub<2.0,>=0.33.5->gradio>=4.0.0) (4.67.1)
Requirement already satisfied: hf-xet<2.0.0,>=1.1.3 in /usr/local/python/3.12.1/lib/python3.12/site-packages (from huggingface-hub<2.0,>=0.33.5->gradio>=4.0.0) (1.2.0)
Requirement already satisfied: python-dateutil>=2.8.2 in /usr/local/python/3.12.1/lib/python3.12/site-packages (from pandas<3.0,>=1.0->gradio>=4.0.0) (2.8.2)
Requirement already satisfied: pytz>=2020.1 in /home/codespace/.local/lib/python3.12/site-packages (from pandas<3.0,>=1.0->gradio>=4.0.0) (2025.2)
Requirement already satisfied: tzdata>=2022.1 in /home/codespace/.local/lib/python3.12/site-packages (from pandas<3.0,>=1.0->gradio>=4.0.0) (2025.2)
Requirement already satisfied: annotated-types>=0.4.0 in /usr/local/python/3.12.1/lib/python3.12/site-packages (from pydantic<2.12,>=2.0->gradio>=4.0.0) (0.7.0)
Requirement already satisfied: pydantic-core==2.10.1 in /usr/local/python/3.12.1/lib/python3.12/site-packages (from pydantic<2.12,>=2.0->gradio>=4.0.0) (2.10.1)
Requirement already satisfied: click>=8.0.0 in /usr/local/python/3.12.1/lib/python3.12/site-packages (from typer<1.0,>=0.12->gradio>=4.0.0) (8.3.0)
Requirement already satisfied: shellingham>=1.3.0 in /usr/local/python/3.12.1/lib/python3.12/site-packages (from typer<1.0,>=0.12->gradio>=4.0.0) (1.5.4)
Requirement already satisfied: rich>=10.11.0 in /usr/local/python/3.12.1/lib/python3.12/site-packages (from typer<1.0,>=0.12->gradio>=4.0.0) (13.9.4)
Requirement already satisfied: six>=1.5 in /home/codespace/.local/lib/python3.12/site-packages (from python-dateutil>=2.8.2->pandas<3.0,>=1.0->gradio>=4.0.0) (1.17.0)
Requirement already satisfied: markdown-it-py>=2.2.0 in /usr/local/python/3.12.1/lib/python3.12/site-packages (from rich>=10.11.0->typer<1.0,>=0.12->gradio>=4.0.0) (4.0.0)
Requirement already satisfied: pygments<3.0.0,>=2.13.0 in /home/codespace/.local/lib/python3.12/site-packages (from rich>=10.11.0->typer<1.0,>=0.12->gradio>=4.0.0) (2.19.2)
Requirement already satisfied: mdurl~=0.1 in /usr/local/python/3.12.1/lib/python3.12/site-packages (from markdown-it-py>=2.2.0->rich>=10.11.0->typer<1.0,>=0.12->gradio>=4.0.0) (0.1.2)
Requirement already satisfied: charset-normalizer<4,>=2 in /home/codespace/.local/lib/python3.12/site-packages (from requests->huggingface-hub<2.0,>=0.33.5->gradio>=4.0.0) (3.4.2)
Requirement already satisfied: urllib3<3,>=1.21.1 in /home/codespace/.local/lib/python3.12/site-packages (from requests->huggingface-hub<2.0,>=0.33.5->gradio>=4.0.0) (2.5.0)
Downloading fastapi-0.121.0-py3-none-any.whl (109 kB)
Using cached h11-0.14.0-py3-none-any.whl (58 kB)
Installing collected packages: h11, fastapi
  Attempting uninstall: h11
    Found existing installation: h11 0.16.0
    Uninstalling h11-0.16.0:
      Successfully uninstalled h11-0.16.0
  Attempting uninstall: fastapi
    Found existing installation: fastapi 0.104.1
    Uninstalling fastapi-0.104.1:
      Successfully uninstalled fastapi-0.104.1

Successfully installed fastapi-0.121.0 h11-0.14.0

[notice] A new release of pip is available: 25.1.1 -> 25.3
[notice] To update, run: python3 -m pip install --upgrade pip
Requirement already satisfied: streamlit>=1.28.0 in /usr/local/python/3.12.1/lib/python3.12/site-packages (1.28.1)
Requirement already satisfied: altair<6,>=4.0 in /usr/local/python/3.12.1/lib/python3.12/site-packages (from streamlit>=1.28.0) (5.5.0)
Requirement already satisfied: blinker<2,>=1.0.0 in /usr/local/python/3.12.1/lib/python3.12/site-packages (from streamlit>=1.28.0) (1.9.0)
Requirement already satisfied: cachetools<6,>=4.0 in /usr/local/python/3.12.1/lib/python3.12/site-packages (from streamlit>=1.28.0) (5.5.2)
Requirement already satisfied: click<9,>=7.0 in /usr/local/python/3.12.1/lib/python3.12/site-packages (from streamlit>=1.28.0) (8.3.0)
Requirement already satisfied: importlib-metadata<7,>=1.4 in /usr/local/python/3.12.1/lib/python3.12/site-packages (from streamlit>=1.28.0) (6.11.0)
Requirement already satisfied: numpy<2,>=1.19.3 in /usr/local/python/3.12.1/lib/python3.12/site-packages (from streamlit>=1.28.0) (1.26.1)
Requirement already satisfied: packaging<24,>=16.8 in /usr/local/python/3.12.1/lib/python3.12/site-packages (from streamlit>=1.28.0) (23.2)
Requirement already satisfied: pandas<3,>=1.3.0 in /usr/local/python/3.12.1/lib/python3.12/site-packages (from streamlit>=1.28.0) (2.1.2)
Requirement already satisfied: pillow<11,>=7.1.0 in /usr/local/python/3.12.1/lib/python3.12/site-packages (from streamlit>=1.28.0) (10.1.0)
Requirement already satisfied: protobuf<5,>=3.20 in /usr/local/python/3.12.1/lib/python3.12/site-packages (from streamlit>=1.28.0) (4.25.8)
Requirement already satisfied: pyarrow>=6.0 in /usr/local/python/3.12.1/lib/python3.12/site-packages (from streamlit>=1.28.0) (21.0.0)
Requirement already satisfied: python-dateutil<3,>=2.7.3 in /usr/local/python/3.12.1/lib/python3.12/site-packages (from streamlit>=1.28.0) (2.8.2)
Requirement already satisfied: requests<3,>=2.27 in /usr/local/python/3.12.1/lib/python3.12/site-packages (from streamlit>=1.28.0) (2.31.0)
Requirement already satisfied: rich<14,>=10.14.0 in /usr/local/python/3.12.1/lib/python3.12/site-packages (from streamlit>=1.28.0) (13.9.4)
Requirement already satisfied: tenacity<9,>=8.1.0 in /usr/local/python/3.12.1/lib/python3.12/site-packages (from streamlit>=1.28.0) (8.5.0)
Requirement already satisfied: toml<2,>=0.10.1 in /usr/local/python/3.12.1/lib/python3.12/site-packages (from streamlit>=1.28.0) (0.10.2)
Requirement already satisfied: typing-extensions<5,>=4.3.0 in /usr/local/python/3.12.1/lib/python3.12/site-packages (from streamlit>=1.28.0) (4.15.0)
Requirement already satisfied: tzlocal<6,>=1.1 in /usr/local/python/3.12.1/lib/python3.12/site-packages (from streamlit>=1.28.0) (5.3.1)
Requirement already satisfied: validators<1,>=0.2 in /usr/local/python/3.12.1/lib/python3.12/site-packages (from streamlit>=1.28.0) (0.35.0)
Requirement already satisfied: gitpython!=3.1.19,<4,>=3.0.7 in /home/codespace/.local/lib/python3.12/site-packages (from streamlit>=1.28.0) (3.1.44)
Requirement already satisfied: pydeck<1,>=0.8.0b4 in /usr/local/python/3.12.1/lib/python3.12/site-packages (from streamlit>=1.28.0) (0.9.1)
Requirement already satisfied: tornado<7,>=6.0.3 in /home/codespace/.local/lib/python3.12/site-packages (from streamlit>=1.28.0) (6.5.1)
Requirement already satisfied: watchdog>=2.1.5 in /usr/local/python/3.12.1/lib/python3.12/site-packages (from streamlit>=1.28.0) (6.0.0)
Requirement already satisfied: jinja2 in /home/codespace/.local/lib/python3.12/site-packages (from altair<6,>=4.0->streamlit>=1.28.0) (3.1.6)
Requirement already satisfied: jsonschema>=3.0 in /home/codespace/.local/lib/python3.12/site-packages (from altair<6,>=4.0->streamlit>=1.28.0) (4.24.0)
Requirement already satisfied: narwhals>=1.14.2 in /home/codespace/.local/lib/python3.12/site-packages (from altair<6,>=4.0->streamlit>=1.28.0) (1.46.0)
Requirement already satisfied: gitdb<5,>=4.0.1 in /home/codespace/.local/lib/python3.12/site-packages (from gitpython!=3.1.19,<4,>=3.0.7->streamlit>=1.28.0) (4.0.12)
Requirement already satisfied: smmap<6,>=3.0.1 in /home/codespace/.local/lib/python3.12/site-packages (from gitdb<5,>=4.0.1->gitpython!=3.1.19,<4,>=3.0.7->streamlit>=1.28.0) (5.0.2)
Requirement already satisfied: zipp>=0.5 in /usr/local/python/3.12.1/lib/python3.12/site-packages (from importlib-metadata<7,>=1.4->streamlit>=1.28.0) (3.23.0)
Requirement already satisfied: pytz>=2020.1 in /home/codespace/.local/lib/python3.12/site-packages (from pandas<3,>=1.3.0->streamlit>=1.28.0) (2025.2)
Requirement already satisfied: tzdata>=2022.1 in /home/codespace/.local/lib/python3.12/site-packages (from pandas<3,>=1.3.0->streamlit>=1.28.0) (2025.2)
Requirement already satisfied: six>=1.5 in /home/codespace/.local/lib/python3.12/site-packages (from python-dateutil<3,>=2.7.3->streamlit>=1.28.0) (1.17.0)
Requirement already satisfied: charset-normalizer<4,>=2 in /home/codespace/.local/lib/python3.12/site-packages (from requests<3,>=2.27->streamlit>=1.28.0) (3.4.2)
Requirement already satisfied: idna<4,>=2.5 in /home/codespace/.local/lib/python3.12/site-packages (from requests<3,>=2.27->streamlit>=1.28.0) (3.10)
Requirement already satisfied: urllib3<3,>=1.21.1 in /home/codespace/.local/lib/python3.12/site-packages (from requests<3,>=2.27->streamlit>=1.28.0) (2.5.0)
Requirement already satisfied: certifi>=2017.4.17 in /usr/local/python/3.12.1/lib/python3.12/site-packages (from requests<3,>=2.27->streamlit>=1.28.0) (2025.10.5)
Requirement already satisfied: markdown-it-py>=2.2.0 in /usr/local/python/3.12.1/lib/python3.12/site-packages (from rich<14,>=10.14.0->streamlit>=1.28.0) (4.0.0)
Requirement already satisfied: pygments<3.0.0,>=2.13.0 in /home/codespace/.local/lib/python3.12/site-packages (from rich<14,>=10.14.0->streamlit>=1.28.0) (2.19.2)
Requirement already satisfied: MarkupSafe>=2.0 in /home/codespace/.local/lib/python3.12/site-packages (from jinja2->altair<6,>=4.0->streamlit>=1.28.0) (3.0.2)
Requirement already satisfied: attrs>=22.2.0 in /home/codespace/.local/lib/python3.12/site-packages (from jsonschema>=3.0->altair<6,>=4.0->streamlit>=1.28.0) (25.3.0)
Requirement already satisfied: jsonschema-specifications>=2023.03.6 in /home/codespace/.local/lib/python3.12/site-packages (from jsonschema>=3.0->altair<6,>=4.0->streamlit>=1.28.0) (2025.4.1)
Requirement already satisfied: referencing>=0.28.4 in /home/codespace/.local/lib/python3.12/site-packages (from jsonschema>=3.0->altair<6,>=4.0->streamlit>=1.28.0) (0.36.2)
Requirement already satisfied: rpds-py>=0.7.1 in /home/codespace/.local/lib/python3.12/site-packages (from jsonschema>=3.0->altair<6,>=4.0->streamlit>=1.28.0) (0.26.0)
Requirement already satisfied: mdurl~=0.1 in /usr/local/python/3.12.1/lib/python3.12/site-packages (from markdown-it-py>=2.2.0->rich<14,>=10.14.0->streamlit>=1.28.0) (0.1.2)

[notice] A new release of pip is available: 25.1.1 -> 25.3
[notice] To update, run: python3 -m pip install --upgrade pip
Requirement already satisfied: plotly>=5.17.0 in /home/codespace/.local/lib/python3.12/site-packages (6.2.0)
Requirement already satisfied: narwhals>=1.15.1 in /home/codespace/.local/lib/python3.12/site-packages (from plotly>=5.17.0) (1.46.0)
Requirement already satisfied: packaging in /usr/local/python/3.12.1/lib/python3.12/site-packages (from plotly>=5.17.0) (23.2)

[notice] A new release of pip is available: 25.1.1 -> 25.3
[notice] To update, run: python3 -m pip install --upgrade pip
Requirement already satisfied: pandas>=2.0.0 in /usr/local/python/3.12.1/lib/python3.12/site-packages (2.1.2)
Requirement already satisfied: numpy<2,>=1.26.0 in /usr/local/python/3.12.1/lib/python3.12/site-packages (from pandas>=2.0.0) (1.26.1)
Requirement already satisfied: python-dateutil>=2.8.2 in /usr/local/python/3.12.1/lib/python3.12/site-packages (from pandas>=2.0.0) (2.8.2)
Requirement already satisfied: pytz>=2020.1 in /home/codespace/.local/lib/python3.12/site-packages (from pandas>=2.0.0) (2025.2)
Requirement already satisfied: tzdata>=2022.1 in /home/codespace/.local/lib/python3.12/site-packages (from pandas>=2.0.0) (2025.2)
Requirement already satisfied: six>=1.5 in /home/codespace/.local/lib/python3.12/site-packages (from python-dateutil>=2.8.2->pandas>=2.0.0) (1.17.0)

[notice] A new release of pip is available: 25.1.1 -> 25.3
[notice] To update, run: python3 -m pip install --upgrade pip
Requirement already satisfied: aiohttp>=3.8.0 in /usr/local/python/3.12.1/lib/python3.12/site-packages (3.9.0)
Requirement already satisfied: attrs>=17.3.0 in /home/codespace/.local/lib/python3.12/site-packages (from aiohttp>=3.8.0) (25.3.0)
Requirement already satisfied: multidict<7.0,>=4.5 in /usr/local/python/3.12.1/lib/python3.12/site-packages (from aiohttp>=3.8.0) (6.7.0)
Requirement already satisfied: yarl<2.0,>=1.0 in /usr/local/python/3.12.1/lib/python3.12/site-packages (from aiohttp>=3.8.0) (1.22.0)
Requirement already satisfied: frozenlist>=1.1.1 in /usr/local/python/3.12.1/lib/python3.12/site-packages (from aiohttp>=3.8.0) (1.8.0)
Requirement already satisfied: aiosignal>=1.1.2 in /usr/local/python/3.12.1/lib/python3.12/site-packages (from aiohttp>=3.8.0) (1.4.0)
Requirement already satisfied: idna>=2.0 in /home/codespace/.local/lib/python3.12/site-packages (from yarl<2.0,>=1.0->aiohttp>=3.8.0) (3.10)
Requirement already satisfied: propcache>=0.2.1 in /usr/local/python/3.12.1/lib/python3.12/site-packages (from yarl<2.0,>=1.0->aiohttp>=3.8.0) (0.4.1)
Requirement already satisfied: typing-extensions>=4.2 in /usr/local/python/3.12.1/lib/python3.12/site-packages (from aiosignal>=1.1.2->aiohttp>=3.8.0) (4.15.0)

[notice] A new release of pip is available: 25.1.1 -> 25.3
[notice] To update, run: python3 -m pip install --upgrade pip
Requirement already satisfied: requests>=2.31.0 in /usr/local/python/3.12.1/lib/python3.12/site-packages (2.31.0)
Requirement already satisfied: charset-normalizer<4,>=2 in /home/codespace/.local/lib/python3.12/site-packages (from requests>=2.31.0) (3.4.2)
Requirement already satisfied: idna<4,>=2.5 in /home/codespace/.local/lib/python3.12/site-packages (from requests>=2.31.0) (3.10)
Requirement already satisfied: urllib3<3,>=1.21.1 in /home/codespace/.local/lib/python3.12/site-packages (from requests>=2.31.0) (2.5.0)
Requirement already satisfied: certifi>=2017.4.17 in /usr/local/python/3.12.1/lib/python3.12/site-packages (from requests>=2.31.0) (2025.10.5)

[notice] A new release of pip is available: 25.1.1 -> 25.3
[notice] To update, run: python3 -m pip install --upgrade pip
