nohup: ignoring input
Traceback (most recent call last):
  File "/workspaces/master/production_controller.py", line 15, in <module>
    import gradio as gr
  File "/home/codespace/.python/current/lib/python3.12/site-packages/gradio/__init__.py", line 3, in <module>
    import gradio._simple_templates
  File "/home/codespace/.python/current/lib/python3.12/site-packages/gradio/_simple_templates/__init__.py", line 1, in <module>
    from .simpledropdown import SimpleDropdown
  File "/home/codespace/.python/current/lib/python3.12/site-packages/gradio/_simple_templates/simpledropdown.py", line 7, in <module>
    from gradio.components.base import Component, FormComponent
  File "/home/codespace/.python/current/lib/python3.12/site-packages/gradio/components/__init__.py", line 1, in <module>
    from gradio.components.annotated_image import AnnotatedImage
  File "/home/codespace/.python/current/lib/python3.12/site-packages/gradio/components/annotated_image.py", line 14, in <module>
    from gradio import processing_utils, utils
  File "/home/codespace/.python/current/lib/python3.12/site-packages/gradio/processing_utils.py", line 29, in <module>
    from gradio import utils
  File "/home/codespace/.python/current/lib/python3.12/site-packages/gradio/utils.py", line 68, in <module>
    from gradio.data_classes import (
  File "/home/codespace/.python/current/lib/python3.12/site-packages/gradio/data_classes.py", line 20, in <module>
    from fastapi import Request
  File "/home/codespace/.python/current/lib/python3.12/site-packages/fastapi/__init__.py", line 7, in <module>
    from .applications import FastAPI as FastAPI
  File "/home/codespace/.python/current/lib/python3.12/site-packages/fastapi/applications.py", line 17, in <module>
    from fastapi.datastructures import Default, DefaultPlaceholder
    ^^^^^^^^^^^^^^^^^^^^^^^^^^^
  File "/home/codespace/.python/current/lib/python3.12/site-packages/fastapi/routing.py", line 28, in <module>
    _normalize_errors,
^^^^^^^^^^^^^^^^^^^^^^^
ImportError: cannot import name 'temp_pydantic_v1_params' from partially initialized module 'fastapi' (most likely due to a circular import) (/home/codespace/.python/current/lib/python3.12/site-packages/fastapi/__init__.py)
